../Core/Src/main.c:96:6:HAL_UART_RxCpltCallback	16	static
../Core/Src/main.c:110:6:BSP_PB_Callback	24	static
../Core/Src/main.c:130:5:main	80	static
../Core/Src/main.c:293:6:SystemClock_Config	88	static
../Core/Src/main.c:340:13:MX_I2C1_Init	8	static
../Core/Src/main.c:388:13:MX_LPUART1_UART_Init	8	static
../Core/Src/main.c:435:13:MX_UART5_Init	8	static
../Core/Src/main.c:483:13:MX_USART1_UART_Init	8	static
../Core/Src/main.c:531:13:MX_USART2_UART_Init	8	static
../Core/Src/main.c:579:13:MX_GPIO_Init	48	static
../Core/Src/main.c:616:6:Error_Handler	4	static,ignoring_inline_asm
