../Core/Src/main.c:93:6:HAL_UART_RxCpltCallback	16	static
../Core/Src/main.c:108:6:BSP_PB_Callback	24	static
../Core/Src/main.c:126:5:main	80	static
../Core/Src/main.c:291:6:SystemClock_Config	88	static
../Core/Src/main.c:335:13:MX_I2C1_Init	8	static
../Core/Src/main.c:380:13:MX_LPUART1_UART_Init	8	static
../Core/Src/main.c:424:13:MX_USART1_UART_Init	8	static
../Core/Src/main.c:469:13:MX_USART2_UART_Init	8	static
../Core/Src/main.c:514:13:MX_GPIO_Init	48	static
../Core/Src/main.c:549:6:Error_Handler	4	static,ignoring_inline_asm
